[      -2ms] [ERROR] Executing inline script violates the following Content Security Policy directive 'script-src 'self''. Either the 'unsafe-inline' keyword, a hash ('sha256-+Kk5sOETKD4CF7MwNI5USqlZTWitAKJ7Cuqfe0t1FNo='), or a nonce ('nonce-...') is required to enable inline execution. The action has been blocked. @ http://localhost:4322/#/whatsapp:0
[      -2ms] [ERROR] Loading the stylesheet 'https://fonts.googleapis.com/css2?family=Atkinson+Hyperlegible:ital,wght@0,400;0,700;1,400&family=IBM+Plex+Mono:wght@400;500&display=swap' violates the following Content Security Policy directive: "style-src 'self' 'unsafe-inline'". Note that 'style-src-elem' was not explicitly set, so 'style-src' is used as a fallback. The action has been blocked. @ http://localhost:4322/#/whatsapp:0
[      10ms] [ERROR] Executing inline script violates the following Content Security Policy directive 'script-src 'self''. Either the 'unsafe-inline' keyword, a hash ('sha256-On7eVgQ22VwtoIug6NF2kjCqu0nQsyICKTZWIAd3efo='), or a nonce ('nonce-...') is required to enable inline execution. The action has been blocked. @ http://localhost:4322/#/whatsapp:2683
[     447ms] [ERROR] Failed to load resource: the server responded with a status of 404 (Not Found) @ http://localhost:4322/api/auth/me:0
[     810ms] [ERROR] Failed to load resource: the server responded with a status of 401 (Unauthorized) @ http://localhost:4322/api/ingredients:0
[     818ms] [ERROR] Failed to load resource: the server responded with a status of 401 (Unauthorized) @ http://localhost:4322/api/components:0
[     828ms] [ERROR] Failed to load resource: the server responded with a status of 401 (Unauthorized) @ http://localhost:4322/api/customers:0
[     860ms] [ERROR] Failed to load resource: the server responded with a status of 401 (Unauthorized) @ http://localhost:4322/api/products:0
[     865ms] [ERROR] Failed to load resource: the server responded with a status of 401 (Unauthorized) @ http://localhost:4322/api/stock-movements:0
[     904ms] [ERROR] Failed to load resource: the server responded with a status of 401 (Unauthorized) @ http://localhost:4322/api/orders:0
[    1247ms] [ERROR] Failed to load resource: the server responded with a status of 401 (Unauthorized) @ http://localhost:4322/api/settings:0
[    1263ms] [ERROR] Failed to load resource: the server responded with a status of 401 (Unauthorized) @ http://localhost:4322/api/crm/contacts:0
[    1276ms] [ERROR] Failed to load resource: the server responded with a status of 401 (Unauthorized) @ http://localhost:4322/api/users:0
[    1276ms] [ERROR] Failed to load resource: the server responded with a status of 401 (Unauthorized) @ http://localhost:4322/api/crm/pipelines:0
[    1293ms] [ERROR] Failed to load resource: the server responded with a status of 401 (Unauthorized) @ http://localhost:4322/api/crm/deals:0
[    1304ms] [ERROR] Failed to load resource: the server responded with a status of 401 (Unauthorized) @ http://localhost:4322/api/crm/stages:0
[    1645ms] [ERROR] Failed to load resource: the server responded with a status of 401 (Unauthorized) @ http://localhost:4322/api/crm/tasks:0
[    1648ms] [ERROR] Failed to load resource: the server responded with a status of 401 (Unauthorized) @ http://localhost:4322/api/crm/calendar-events:0
[    1653ms] [ERROR] Failed to load resource: the server responded with a status of 401 (Unauthorized) @ http://localhost:4322/api/crm/quick-replies:0
[    1681ms] [ERROR] Failed to load resource: the server responded with a status of 401 (Unauthorized) @ http://localhost:4322/api/crm/messages:0
[    1691ms] [ERROR] Failed to load resource: the server responded with a status of 401 (Unauthorized) @ http://localhost:4322/api/crm/conversations:0
[    1706ms] [ERROR] Failed to load resource: the server responded with a status of 401 (Unauthorized) @ http://localhost:4322/api/crm/catalog-products:0
[    2136ms] [ERROR] Failed to load resource: the server responded with a status of 401 (Unauthorized) @ http://localhost:4322/api/crm/activities:0
[    2175ms] [ERROR] Failed to load resource: the server responded with a status of 401 (Unauthorized) @ http://localhost:4322/api/crm/conversation-notes:0
[    2179ms] [ERROR] Failed to load resource: the server responded with a status of 401 (Unauthorized) @ http://localhost:4322/api/crm/tags:0
[    2191ms] [ERROR] Failed to load resource: the server responded with a status of 401 (Unauthorized) @ http://localhost:4322/api/crm/appointment-types:0
[    2456ms] [ERROR] Failed to load resource: the server responded with a status of 401 (Unauthorized) @ http://localhost:4322/api/whatsapp/session:0
[    2477ms] [ERROR] Failed to load resource: the server responded with a status of 401 (Unauthorized) @ http://localhost:4322/api/crm/events?since=1791283631159:0
[   27048ms] [ERROR] Failed to load resource: the server responded with a status of 403 (Forbidden) @ http://localhost:4322/api/whatsapp/session:0
[   27091ms] [ERROR] Failed to load resource: the server responded with a status of 403 (Forbidden) @ http://localhost:4322/api/crm/events?since=1791283655597:0
